
========================================================================================
01 — Fair Value Gap fill rate: real BTC vs random-walk surrogates
========================================================================================
 1h horizon= 12: real fill 0.799 (n=17343) | GBM 0.840 [0.834,0.846] | shuffled-real 0.795
 1h horizon= 24: real fill 0.853 (n=17343) | GBM 0.894 [0.889,0.898] | shuffled-real 0.851
 1h horizon= 72: real fill 0.911 (n=17343) | GBM 0.943 [0.939,0.947] | shuffled-real 0.914
 4h horizon= 12: real fill 0.771 (n=4114) | GBM 0.848 [0.836,0.862] | shuffled-real 0.785
 4h horizon= 24: real fill 0.825 (n=4114) | GBM 0.898 [0.889,0.907] | shuffled-real 0.846
 4h horizon= 72: real fill 0.884 (n=4114) | GBM 0.945 [0.937,0.954] | shuffled-real 0.913
 1D horizon=  5: real fill 0.646 (n=773) | GBM 0.747 [0.718,0.774] | shuffled-real 0.662
 1D horizon= 10: real fill 0.726 (n=773) | GBM 0.833 [0.799,0.860] | shuffled-real 0.750
 1D horizon= 20: real fill 0.789 (n=773) | GBM 0.887 [0.865,0.908] | shuffled-real 0.820

Directional content after a 1h FVG fill (24h fwd, in FVG direction): mean 2.7 bp, t=0.91, n=14783; typical 24h |move| 239 bp; round-trip taker cost ~15 bp

[01_myth_fvg_vs_random_walk.py done in 83s]

========================================================================================
02A — synthetic: high win rate ≠ positive expectancy
========================================================================================
A: 85% WR, +0.3R/-2.5R: expectancy -0.120R | P(+ after 50 trades) 0.22 | P(+ after 500) 0.00 | median after 500: -60R
B: 38% WR, +2.5R/-1R: expectancy +0.330R | P(+ after 50 trades) 0.91 | P(+ after 500) 1.00 | median after 500: +165R

========================================================================================
02B — real BTC trend trades: TP as a fraction of median MFE
========================================================================================
115 trades, median MFE of winners 26.0%, win rate 28.7%, expectancy 3.74% per trade
| tp_frac_of_median_MFE | win_rate | expectancy_pct | total_pct_sum | profit_factor | n |
|---|---|---|---|---|---|
| 0.25 | 0.5652 | 0.2562 | 29.47 | 1.736 | 115 |
| 0.5 | 0.4957 | 0.5993 | 68.92 | 2.263 | 115 |
| 0.75 | 0.4435 | 0.5998 | 68.97 | 1.954 | 115 |
| 1.0 | 0.4348 | 0.8697 | 100 | 2.364 | 115 |
| 1.5 | 0.4261 | 1.13 | 130 | 2.654 | 115 |
| 2.0 | 0.3913 | 1.197 | 137.7 | 2.68 | 115 |
| none (signal exit) | 0.3826 | 3.419 | 393.1 | 5.747 | 115 |

[02_winrate_illusion.py done in 0s]

========================================================================================
03 — Astrology & numerology vs placebo calendars
========================================================================================
[BTC 2011-2026] new-moon minus full-moon window, annualised: +51.1%  | placebo 95% band [-48.6%, +49.7%]  → weakly distinguishable (p<0.05) (p=0.022)
[BTC 2011-2026] Mercury retrograde minus direct, annualised: +28.5% (retro share 19.0%) | placebo band [-106.2%, +153.7%] → INDISTINGUISHABLE from placebo (p=0.309)
[BTC 2011-2026] master-number dates (digit sum 11/22/33): -24.5% ann. (n=517) → INDISTINGUISHABLE from placebo (p=0.366)
[BTC 2011-2026] prev close (≥$10) digit-sum ≡ 0 mod 9: +31.3% ann. (n=569) → INDISTINGUISHABLE from placebo (p=0.354)
[ETH 2016-2026] new-moon minus full-moon window, annualised: +9.6%  | placebo 95% band [-98.7%, +101.4%]  → INDISTINGUISHABLE from placebo (p=0.459)
[ETH 2016-2026] Mercury retrograde minus direct, annualised: +2.8% (retro share 19.3%) | placebo band [-156.8%, +114.9%] → INDISTINGUISHABLE from placebo (p=0.531)
[ETH 2016-2026] master-number dates (digit sum 11/22/33): +22.0% ann. (n=335) → INDISTINGUISHABLE from placebo (p=0.426)
[ETH 2016-2026] prev close (≥$10) digit-sum ≡ 0 mod 9: +236.7% ann. (n=374) → DISTINGUISHABLE from placebo (p<0.01) (p=0.009)

8 esoteric hypotheses tested → Bonferroni threshold for 5% family-wise error: p < 0.0063

========================================================================================
03 — for contrast: mechanical calendar effects with a cause
========================================================================================
13:00–21:59 UTC (US cash hours, 37.5% of the day) carries 52.2% of BTC's realised variance 2022→2026
| day | ret_bp | vol_bp | n |
|---|---|---|---|
| Mon | 25.38 | 390.6 | 456 |
| Tue | -8.124 | 340.1 | 457 |
| Wed | 27.75 | 358 | 457 |
| Thu | -35.57 | 421.1 | 457 |
| Fri | 19.34 | 336.4 | 457 |
| Sat | 13.53 | 219.1 | 457 |
| Sun | -2.034 | 274.8 | 456 |

[03_astro_lunar_mercury.py done in 1s]

========================================================================================
04 — Round numbers, Fibonacci and PO3/Goldbach levels vs placebo
========================================================================================
round   1,000 k= 6: bounce 0.524 (n=3226) vs placebo 0.523 [hi95 0.535] | rejection +2.2bp vs +1.0bp → INDISTINGUISHABLE from placebo
round   1,000 k=24: bounce 0.514 (n=1499) vs placebo 0.511 [hi95 0.531] | rejection -7.9bp vs -2.1bp → INDISTINGUISHABLE from placebo
round   5,000 k= 6: bounce 0.530 (n=609) vs placebo 0.521 [hi95 0.554] | rejection +1.3bp vs +0.4bp → INDISTINGUISHABLE from placebo
round   5,000 k=24: bounce 0.526 (n=399) vs placebo 0.506 [hi95 0.552] | rejection -23.4bp vs -2.9bp → INDISTINGUISHABLE from placebo
round  10,000 k= 6: bounce 0.549 (n=317) vs placebo 0.522 [hi95 0.572] | rejection +14.1bp vs +1.3bp → INDISTINGUISHABLE from placebo
round  10,000 k=24: bounce 0.527 (n=207) vs placebo 0.510 [hi95 0.560] | rejection -5.7bp vs -3.0bp → INDISTINGUISHABLE from placebo
PO3   729 k= 6: bounce 0.522 (n=10764) vs random-% placebo 0.524 [hi95 0.533], uniform grid 0.519 → INDISTINGUISHABLE from placebo
PO3   729 k=24: bounce 0.508 (n=3169) vs random-% placebo 0.507 [hi95 0.524], uniform grid 0.509 → INDISTINGUISHABLE from placebo
PO3  2187 k= 6: bounce 0.526 (n=7695) vs random-% placebo 0.523 [hi95 0.533], uniform grid 0.518 → INDISTINGUISHABLE from placebo
PO3  2187 k=24: bounce 0.523 (n=2627) vs random-% placebo 0.508 [hi95 0.528], uniform grid 0.491 → weakly distinguishable (p<0.05)
PO3  6561 k= 6: bounce 0.530 (n=4376) vs random-% placebo 0.524 [hi95 0.538], uniform grid 0.511 → INDISTINGUISHABLE from placebo
PO3  6561 k=24: bounce 0.515 (n=1908) vs random-% placebo 0.509 [hi95 0.535], uniform grid 0.514 → INDISTINGUISHABLE from placebo
fib swing=120h k=12: bounce 0.503 (n=4132) vs random-ratio placebo 0.512 [hi95 0.524] → INDISTINGUISHABLE from placebo
fib swing=120h k=48: bounce 0.521 (n=1444) vs random-ratio placebo 0.507 [hi95 0.527] → INDISTINGUISHABLE from placebo
fib swing=240h k=12: bounce 0.513 (n=3305) vs random-ratio placebo 0.511 [hi95 0.525] → INDISTINGUISHABLE from placebo
fib swing=240h k=48: bounce 0.508 (n=1261) vs random-ratio placebo 0.503 [hi95 0.526] → INDISTINGUISHABLE from placebo
fib swing=720h k=12: bounce 0.516 (n=1937) vs random-ratio placebo 0.515 [hi95 0.539] → INDISTINGUISHABLE from placebo
fib swing=720h k=48: bounce 0.503 (n=897) vs random-ratio placebo 0.513 [hi95 0.546] → INDISTINGUISHABLE from placebo

18 level hypotheses tested; 1 nominally p<0.05 (expected by chance: 0.9); 0 survive Bonferroni

[04_levels_vs_placebo.py done in 155s]

========================================================================================
05 — Trend following: BTC daily grid, deflated Sharpe, PBO
========================================================================================
[BTC daily TSMOM grid] 27 variants: 100% positive Sharpe; median 0.96; best 1.18 (lb=250) | PSR(best) 1.000 | DSR(best) 0.997 (benchmark SR_ann 0.42) | PBO 0.69 | OOS-degradation slope -1.02

========================================================================================
05 — Pre-specified composite trend on BTC (net of taker costs)
========================================================================================
Full sample 2014-01-01→2026-10-03: Sharpe 1.05, CAGR 25.5%, vol 24.5%, MDD -29.1%, Calmar 0.88, avg |lev| 0.36, turnover 15x/yr, cost drag 1.12%/yr
Buy&hold BTC: Sharpe 0.87, CAGR 44.8%, MDD -85.9%
Trades: 115, win rate 28.7%, payoff 9.41, PF 3.79, avg hold 40d, sum of trade pnl +4.30 → without top-3 trades +1.18 (top-3 share 73%)
Worst day: 2014-11-12 -9.1% (position -0.49, BTC 18.4%); max |position| 1.46
Bootstrap p(mean<=0) = 0.0010 | PSR = 1.000 | MinTRL = 2.3 years
| period | bars | trend_sharpe | trend_cagr | trend_mdd | bh_sharpe | bh_cagr | bh_mdd |
|---|---|---|---|---|---|---|---|
| 2014-2016 | 1097 | 0.9635 | 0.231 | -0.2863 | 0.5447 | 0.09792 | -0.8592 |
| 2017-2018 | 731 | 1.649 | 0.4626 | -0.2913 | 1.222 | 1.004 | -0.8329 |
| 2019-2020 | 732 | 1.896 | 0.6481 | -0.1802 | 1.797 | 1.795 | -0.6192 |
| 2021-2022 | 731 | 0.4215 | 0.07222 | -0.2128 | -0.01388 | -0.2426 | -0.7667 |
| 2023-2024 | 732 | 1.131 | 0.2676 | -0.2115 | 2.021 | 1.385 | -0.2621 |
| 2025-2026 | 641 | -0.08956 | -0.04299 | -0.218 | 0.08682 | -0.05557 | -0.53 |
| costs | sharpe | cagr | mdd |
|---|---|---|---|
| zero | 1.094 | 0.2693 | -0.2848 |
| maker 1.5bp+0.5 | 1.082 | 0.2655 | -0.2866 |
| taker 4.5bp+3 | 1.049 | 0.2552 | -0.2913 |
| 2x taker | 1.003 | 0.2411 | -0.2977 |
Long-only variant: Sharpe 1.46, CAGR 30.2%, MDD -25.3%

========================================================================================
05 — Walk-forward over the single-lookback grid (2y train / 6m test, re-selected each step)
========================================================================================
Walk-forward OOS: Sharpe 0.76, CAGR 22.1%, MDD -63.8% over 22 segments; median IS→OOS Sharpe 1.91→0.40; worst OOS day -21.9% on 2019-04-02
Fixed ensemble over the same OOS window: Sharpe 1.16, MDD -29.1%

========================================================================================
05 — Multi-asset composite trend, equal risk (Coin Metrics daily, to 2026-05)
========================================================================================
Portfolio 2018-01-01→2026-05-24: Sharpe 0.73, CAGR 11.1%, MDD -26.8% | BTC B&H same window: Sharpe 0.64, MDD -81.4% | corr(port, BTC) -0.10
| asset | sharpe | mdd | years |
|---|---|---|---|
| btc | 1.168 | -0.2954 | 9.394 |
| eth | 1.202 | -0.3301 | 9.394 |
| bnb | 1.242 | -0.359 | 8.86 |
| xrp | 0.3188 | -0.454 | 9.394 |
| ada | 0.6678 | -0.3785 | 8.479 |
| doge | 0.5395 | -0.5605 | 9.394 |
| ltc | 0.6302 | -0.5422 | 9.394 |
| link | 0.08927 | -0.525 | 8.652 |
| dot | 0.2727 | -0.3368 | 5.76 |
| period | bars | port_sharpe | port_cagr | port_mdd | bh_sharpe | bh_cagr | bh_mdd |
|---|---|---|---|---|---|---|---|
| 2018-2019 | 731 | 1.154 | 0.1819 | -0.1054 | -0.0434 | -0.2821 | -0.8138 |
| 2020-2021 | 732 | 1.448 | 0.2583 | -0.132 | 1.634 | 1.571 | -0.5308 |
| 2022-2023 | 731 | 0.05812 | -0.003121 | -0.2685 | 0.2296 | -0.02517 | -0.6687 |
| 2024-2026 | 875 | 0.3238 | 0.04113 | -0.1517 | 0.7563 | 0.2825 | -0.4913 |

========================================================================================
05 — Hourly TSMOM (does speed survive costs?)
========================================================================================
[BTC hourly TSMOM grid (taker)] 24 variants: 58% positive Sharpe; median 0.39; best 0.96 (lb=720) | PSR(best) 0.999 | DSR(best) 0.009 (benchmark SR_ann 1.72) | PBO 0.02 | OOS-degradation slope -0.97
[BTC hourly TSMOM grid (maker)] 24 variants: 100% positive Sharpe; median 0.93; best 1.30 (lb=504) | PSR(best) 1.000 | DSR(best) 0.984 (benchmark SR_ann 0.62) | PBO 0.42 | OOS-degradation slope -1.05

[05_trend_following.py done in 11s]

========================================================================================
06 — Funding statistics
========================================================================================
| asset | mean_bp_8h | median_bp_8h | std_bp_8h | annualised | share_negative | skew | kurtosis | share_at_default_1bp |
|---|---|---|---|---|---|---|---|---|
| btc | 1.125 | 1 | 2.149 | 0.1232 | 0.1355 | 3.261 | 33.11 | 0.3562 |
| eth | 1.339 | 1 | 2.804 | 0.1466 | 0.1307 | 3.297 | 40.95 | 0.3588 |
| year | btc | eth |
|---|---|---|
| 2020 | 0.1719 | 0.2741 |
| 2021 | 0.3061 | 0.3754 |
| 2022 | 0.04165 | 0.007873 |
| 2023 | 0.07866 | 0.0826 |
| 2024 | 0.1192 | 0.1296 |
| 2025 | 0.05126 | 0.04929 |
| 2026 | 0.01304 | 0.0007144 |
| asset | costs | net_cagr | ann_vol | sharpe_(inflated,flat 65%) | mdd | n_trades | time_in_market | gross_funding_ann |
|---|---|---|---|---|---|---|---|---|
| btc | taker | 0.08312 | 0.007035 | 11.35 | -0.002732 | 13 | 0.3683 | 0.1232 |
| btc | maker | 0.08537 | 0.006794 | 12.06 | -0.001733 | 13 | 0.3683 | 0.1232 |
| btc | taker, entry 2bp | 0.0761 | 0.007033 | 10.43 | -0.002732 | 13 | 0.2795 | 0.1232 |
| eth | taker | 0.1069 | 0.009239 | 11 | -0.005396 | 12 | 0.3728 | 0.1466 |
| eth | maker | 0.109 | 0.009022 | 11.47 | -0.004398 | 12 | 0.3728 | 0.1466 |
| eth | taker, entry 2bp | 0.1037 | 0.009244 | 10.68 | -0.005396 | 12 | 0.3315 | 0.1466 |
| asset | horizon_d | Q1 | Q2 | Q3 | Q4 | Q5 |
|---|---|---|---|---|---|---|
| btc | 1 | 0.004714 | 0.0001897 | 0.001406 | 0.001239 | 0.0001129 |
| btc | 3 | 0.01106 | 0.004306 | -0.001111 | 0.004572 | 0.003706 |
| btc | 7 | 0.022 | 0.006796 | -0.002047 | 0.01701 | 0.008633 |
| eth | 1 | 0.002991 | 0.0007608 | 0.002087 | 0.000502 | 0.004576 |
| eth | 3 | 0.006127 | 0.003614 | 0.004573 | 0.005031 | 0.01259 |
| eth | 7 | 0.009237 | 0.009303 | 0.01322 | 0.009333 | 0.03356 |

========================================================================================
06 — Funding as a cost for a directional trend strategy on the BTC perp (2020→2026-04)
========================================================================================
Trend on perp: Sharpe 1.03 ignoring funding → 0.87 paying/receiving funding; CAGR 24.5% → 19.9%; long 57% of the time; funding P&L -23.51% total
  funding overlay ≤6bp/day: Sharpe 0.84, CAGR 17.2%, MDD -23.7%
  funding overlay ≤10bp/day: Sharpe 0.91, CAGR 19.9%, MDD -24.0%
  funding overlay ≤15bp/day: Sharpe 0.98, CAGR 22.2%, MDD -24.0%
  longs via spot, shorts via perp: Sharpe 1.00, CAGR 23.7%, MDD -21.8%

[06_carry_funding.py done in 0s]

========================================================================================
07 — Hourly mean reversion: gross edge vs costs
========================================================================================
log-return autocorrelation lags 1,2,4,8,24h: ['-0.023', '-0.026', '-0.001', '-0.001', '-0.029']
| move_window | z_entry | hold_bars | n_trades | sharpe_gross | sharpe_maker | sharpe_taker | cagr_gross | cagr_taker | avg_gross_bp_per_trade |
|---|---|---|---|---|---|---|---|---|---|
| 1 | 2 | 3 | 3409 | -0.009967 | -0.4083 | -1.501 | -0.06573 | -0.4538 | -0.1024 |
| 1 | 2 | 6 | 2874 | 0.2101 | -0.07198 | -0.8468 | -0.00161 | -0.3651 | 3.05 |
| 1 | 2 | 12 | 2299 | -0.3348 | -0.5286 | -1.061 | -0.2496 | -0.4758 | -7.009 |
| 1 | 2.5 | 3 | 2137 | -0.1239 | -0.4191 | -1.229 | -0.07921 | -0.3403 | -1.702 |
| 1 | 2.5 | 6 | 1902 | -0.2437 | -0.4573 | -1.044 | -0.1468 | -0.3659 | -4.626 |
| 1 | 2.5 | 12 | 1614 | -0.5851 | -0.7406 | -1.167 | -0.2905 | -0.4477 | -15.18 |
| 1 | 3 | 3 | 1381 | -0.1915 | -0.4109 | -1.013 | -0.08044 | -0.2582 | -3.528 |
| 1 | 3 | 6 | 1267 | -0.06188 | -0.2278 | -0.6835 | -0.06692 | -0.2335 | -1.504 |
| 1 | 3 | 12 | 1136 | -0.6382 | -0.7629 | -1.105 | -0.2668 | -0.3851 | -20.58 |
| 4 | 2 | 3 | 2055 | -0.04398 | -0.3027 | -1.013 | -0.06608 | -0.321 | -0.6852 |
| 4 | 2 | 6 | 1854 | -0.7159 | -0.9221 | -1.488 | -0.2874 | -0.4669 | -14.12 |
| 4 | 2 | 12 | 1581 | -0.8943 | -1.045 | -1.458 | -0.3845 | -0.5189 | -24.06 |
| 4 | 2.5 | 3 | 1210 | 0.3262 | 0.1376 | -0.3805 | 0.05268 | -0.127 | 6.954 |
| 4 | 2.5 | 6 | 1130 | -0.1956 | -0.3467 | -0.7618 | -0.1034 | -0.2482 | -5.246 |
| 4 | 2.5 | 12 | 1011 | -0.7668 | -0.8803 | -1.192 | -0.2955 | -0.3977 | -27.24 |
| 4 | 3 | 3 | 735 | 0.3742 | 0.2354 | -0.1464 | 0.05978 | -0.05397 | 10.83 |
| 4 | 3 | 6 | 691 | 0.0008884 | -0.1101 | -0.4151 | -0.03234 | -0.1309 | 0.03235 |
| 4 | 3 | 12 | 642 | -0.1426 | -0.2271 | -0.4595 | -0.08915 | -0.1752 | -6.781 |
Gross grid: best Sharpe 0.37, DSR 0.162, PBO 0.20 | share of variants positive after taker costs: 0%
| period | bars | gross_sharpe | gross_cagr | gross_mdd |
|---|---|---|---|---|
| 2017-2018 | 17544 | 1.419 | 0.4751 | -0.2576 |
| 2019-2020 | 17568 | -0.3923 | -0.1233 | -0.3283 |
| 2021-2022 | 17544 | 0.3057 | 0.04165 | -0.345 |
| 2023-2024 | 17568 | -0.005988 | -0.01231 | -0.2144 |
| 2025-2026 | 15361 | 0.03012 | -0.002803 | -0.09133 |

[07_reversal_hourly.py done in 3s]

========================================================================================
08 — Apex 100K EOD evaluation Monte Carlo
========================================================================================
| fee | sharpe_ann | daily_vol_usd | p_pass | p_blow_eval | days_to_pass | p_any_payout_if_funded | mean_payouts_if_funded | p_blow_funded_1y | ev_usd |
|---|---|---|---|---|---|---|---|---|---|
| 399 | -1 | 250 | 0.00025 | 0.3336 | 47.6 | 0.08845 | 112.5 | 0.9408 | -399 |
| 399 | -1 | 500 | 0.0399 | 0.8004 | 40.17 | 0.1725 | 360.9 | 0.9956 | -390.5 |
| 399 | -1 | 1000 | 0.1305 | 0.8666 | 19.75 | 0.1837 | 473.3 | 0.9967 | -356.7 |
| 399 | -1 | 1500 | 0.1533 | 0.8467 | 11.77 | 0.1521 | 441.9 | 0.995 | -354.1 |
| 399 | -0.5 | 250 | 0.00065 | 0.2569 | 48 | 0.1693 | 268.6 | 0.8673 | -398.9 |
| 399 | -0.5 | 500 | 0.06415 | 0.7379 | 41.04 | 0.2359 | 635.5 | 0.9875 | -367.8 |
| 399 | -0.5 | 1000 | 0.1671 | 0.8295 | 20.07 | 0.2239 | 692.1 | 0.989 | -308.3 |
| 399 | -0.5 | 1500 | 0.183 | 0.817 | 11.88 | 0.1829 | 618.1 | 0.987 | -313.2 |
| 399 | 0 | 250 | 0.0016 | 0.1918 | 50.62 | 0.2864 | 569.2 | 0.7603 | -398.3 |
| 399 | 0 | 500 | 0.0971 | 0.6637 | 40.88 | 0.3123 | 1106 | 0.9691 | -306 |
| 399 | 0 | 1000 | 0.207 | 0.789 | 20.21 | 0.2697 | 1052 | 0.9732 | -212.1 |
| 399 | 0 | 1500 | 0.2151 | 0.7849 | 11.88 | 0.2176 | 902.7 | 0.9716 | -236.9 |
| 399 | 0.5 | 250 | 0.00355 | 0.1404 | 52 | 0.4392 | 1105 | 0.6138 | -395.6 |
| 399 | 0.5 | 500 | 0.1424 | 0.5859 | 40.91 | 0.3967 | 1856 | 0.9363 | -156 |
| 399 | 0.5 | 1000 | 0.2571 | 0.74 | 20.24 | 0.3192 | 1587 | 0.9456 | -29.27 |
| 399 | 0.5 | 1500 | 0.2505 | 0.7496 | 11.8 | 0.2566 | 1344 | 0.9444 | -99.73 |
| 399 | 1 | 250 | 0.00695 | 0.1013 | 51.13 | 0.5967 | 1934 | 0.4624 | -386.6 |
| 399 | 1 | 500 | 0.2023 | 0.505 | 40.73 | 0.4817 | 2920 | 0.8837 | 161.4 |
| 399 | 1 | 1000 | 0.3093 | 0.6873 | 20.1 | 0.3732 | 2349 | 0.9045 | 281.5 |
| 399 | 1 | 1500 | 0.2898 | 0.7102 | 11.86 | 0.2964 | 1974 | 0.9061 | 129.8 |
| 399 | 1.5 | 250 | 0.01395 | 0.0711 | 51.44 | 0.7372 | 3076 | 0.3239 | -358.2 |
| 399 | 1.5 | 500 | 0.2684 | 0.4268 | 40.33 | 0.5681 | 4356 | 0.8004 | 730.1 |
| 399 | 1.5 | 1000 | 0.3657 | 0.6311 | 19.92 | 0.4274 | 3383 | 0.8467 | 783.7 |
| 399 | 1.5 | 1500 | 0.3307 | 0.6693 | 11.74 | 0.3363 | 2795 | 0.8589 | 476 |
| 399 | 2 | 250 | 0.0242 | 0.0478 | 51.76 | 0.8446 | 4492 | 0.2094 | -293.9 |
| 399 | 2 | 500 | 0.3508 | 0.3529 | 39.77 | 0.6476 | 5971 | 0.7056 | 1643 |
| 399 | 2 | 1000 | 0.4199 | 0.5766 | 19.48 | 0.4786 | 4594 | 0.7782 | 1468 |
| 399 | 2 | 1500 | 0.3719 | 0.6281 | 11.67 | 0.382 | 3790 | 0.8033 | 955.1 |
| 399 | 3 | 250 | 0.06345 | 0.01925 | 51.19 | 0.9529 | 7696 | 0.0731 | 79.83 |
| 399 | 3 | 500 | 0.5342 | 0.225 | 38.47 | 0.782 | 9218 | 0.4863 | 4445 |
| 399 | 3 | 1000 | 0.5353 | 0.4625 | 18.51 | 0.5803 | 7178 | 0.6263 | 3364 |
| 399 | 3 | 1500 | 0.4577 | 0.5423 | 11.4 | 0.4696 | 6051 | 0.6784 | 2303 |
| fee | sharpe_ann | daily_vol_usd | p_pass | p_blow_eval | days_to_pass | p_any_payout_if_funded | mean_payouts_if_funded | p_blow_funded_1y | ev_usd |
|---|---|---|---|---|---|---|---|---|---|
| 60 | -1 | 1000 | 0.1305 | 0.8666 | 19.75 | 0.1837 | 473.3 | 0.9967 | -17.68 |
| 60 | -0.5 | 1000 | 0.1671 | 0.8295 | 20.07 | 0.2239 | 692.1 | 0.989 | 30.73 |
| 60 | 0 | 1000 | 0.207 | 0.789 | 20.21 | 0.2697 | 1052 | 0.9732 | 126.9 |
| 60 | 0.5 | 1000 | 0.2571 | 0.74 | 20.24 | 0.3192 | 1587 | 0.9456 | 309.7 |
| 60 | 1 | 1000 | 0.3093 | 0.6873 | 20.1 | 0.3732 | 2349 | 0.9045 | 620.5 |
| 60 | 1.5 | 1000 | 0.3657 | 0.6311 | 19.92 | 0.4274 | 3383 | 0.8467 | 1123 |
| 60 | 2 | 1000 | 0.4199 | 0.5766 | 19.48 | 0.4786 | 4594 | 0.7782 | 1807 |
| 60 | 3 | 1000 | 0.5353 | 0.4625 | 18.51 | 0.5803 | 7178 | 0.6263 | 3703 |
Sharpe 1.0, $1k/day vol: EOD trailing P(pass) 0.31, EV $281 vs intraday trailing P(pass) 0.27, EV $132
Same trader (Sharpe 1.0, $1k/day vol) on own capital: expected 1y P&L ≈ $15,875 with no evaluation risk (needs the margin to run $1k/day vol: ~$10-20k on MNQ)
Same trader (Sharpe 2.0, $1k/day vol) on own capital: expected 1y P&L ≈ $31,749 with no evaluation risk (needs the margin to run $1k/day vol: ~$10-20k on MNQ)

[08_prop_firm_montecarlo.py done in 187s]

========================================================================================
09 — Growth speed limits set by the Sharpe ratio
========================================================================================
| sharpe | kelly_fraction | leverage_on_30%vol_strategy | growth_per_year | years_to_double | years_to_10x | p_halve_capital | p_lose_80pct |
|---|---|---|---|---|---|---|---|
| 0.5 | 1 | 1.667 | 0.125 | 5.545 | 18.42 | 0.5 | 0.2 |
| 0.5 | 0.5 | 0.8333 | 0.09375 | 7.394 | 24.56 | 0.125 | 0.008 |
| 0.5 | 0.25 | 0.4167 | 0.05469 | 12.67 | 42.1 | 0.007812 | 1.28e-05 |
| 0.75 | 1 | 2.5 | 0.2812 | 2.465 | 8.187 | 0.5 | 0.2 |
| 0.75 | 0.5 | 1.25 | 0.2109 | 3.286 | 10.92 | 0.125 | 0.008 |
| 0.75 | 0.25 | 0.625 | 0.123 | 5.633 | 18.71 | 0.007812 | 1.28e-05 |
| 1 | 1 | 3.333 | 0.5 | 1.386 | 4.605 | 0.5 | 0.2 |
| 1 | 0.5 | 1.667 | 0.375 | 1.848 | 6.14 | 0.125 | 0.008 |
| 1 | 0.25 | 0.8333 | 0.2188 | 3.169 | 10.53 | 0.007812 | 1.28e-05 |
| 1.5 | 1 | 5 | 1.125 | 0.6161 | 2.047 | 0.5 | 0.2 |
| 1.5 | 0.5 | 2.5 | 0.8438 | 0.8215 | 2.729 | 0.125 | 0.008 |
| 1.5 | 0.25 | 1.25 | 0.4922 | 1.408 | 4.678 | 0.007812 | 1.28e-05 |
| 2 | 1 | 6.667 | 2 | 0.3466 | 1.151 | 0.5 | 0.2 |
| 2 | 0.5 | 3.333 | 1.5 | 0.4621 | 1.535 | 0.125 | 0.008 |
| 2 | 0.25 | 1.667 | 0.875 | 0.7922 | 2.632 | 0.007812 | 1.28e-05 |
| 3 | 1 | 10 | 4.5 | 0.154 | 0.5117 | 0.5 | 0.2 |
| 3 | 0.5 | 5 | 3.375 | 0.2054 | 0.6822 | 0.125 | 0.008 |
| 3 | 0.25 | 2.5 | 1.969 | 0.3521 | 1.17 | 0.007812 | 1.28e-05 |

========================================================================================
09 — One fat-tailed year at various leverages (Student-t, df=3.5), strategy Sharpe from results if available
========================================================================================
Using measured composite trend Sharpe 1.05 (full-sample, net of taker costs)
| leverage | median_final | mean_final | p_double | p_lose_half | p_ruin_90pct | median_max_dd | geometric_growth |
|---|---|---|---|---|---|---|---|
| 0.5 | 1.157 | 1.171 | 0.00015 | 0.0002 | 0 | -0.1066 | 0.1458 |
| 1 | 1.31 | 1.372 | 0.07895 | 0.00295 | 0.00015 | -0.2062 | 0.2701 |
| 2 | 1.573 | 1.883 | 0.3437 | 0.0827 | 0.0014 | -0.3848 | 0.453 |
| 3 | 1.73 | 2.587 | 0.4393 | 0.2303 | 0.0078 | -0.5358 | 0.5479 |
| 5 | 1.582 | 4.915 | 0.441 | 0.5165 | 0.09375 | -0.7625 | 0.4585 |
| 10 | 0.1663 | 20.9 | 0.2352 | 0.8737 | 0.6238 | -0.9873 | -1.794 |
| start_capital | half_kelly_1y_median | half_kelly_3y_median |
|---|---|---|
| 1000 | 1510 | 3446 |
| 5000 | 7552 | 1.723e+04 |
| 10000 | 1.51e+04 | 3.446e+04 |
| 50000 | 7.552e+04 | 1.723e+05 |

[09_capital_growth_speed.py done in 3s]

========================================================================================
10 — Ensemble of surviving edges
========================================================================================
Common window 2020-01-01 → 2026-04-09 (2291 days)
Correlations:
                  trend_btc  bh_btc  trend_portfolio  carry_btc
trend_btc             1.00    0.07             0.71       0.02
bh_btc                0.07    1.00            -0.05       0.03
trend_portfolio       0.71   -0.05             1.00       0.10
carry_btc             0.02    0.03             0.10       1.00
| sleeve | sharpe | cagr | ann_vol | mdd | corr_btc |
|---|---|---|---|---|---|
| BTC buy&hold | 0.9099 | 0.4434 | 0.6155 | -0.7667 | 1 |
| trend BTC | 0.8899 | 0.2038 | 0.2407 | -0.2268 | 0.06798 |
| trend portfolio (9 coins) | 0.6526 | 0.09913 | 0.1659 | -0.2685 | -0.04517 |
| carry BTC (1x notional, delta-neutral) | 7.213 | 0.08312 | 0.01108 | -0.002347 | 0.03453 |
| 50/50 trend BTC + trend portfolio | 0.8549 | 0.1543 | 0.1886 | -0.2314 | 0.02351 |
| trend BTC + carry 1x (capital split 50/50) | 1.219 | 0.1501 | 0.1206 | -0.1146 | 0.06941 |
| trend BTC (full) + carry 1x on the idle cash (~65% of capital sits in cash) | 1.104 | 0.2679 | 0.241 | -0.2241 | 0.06893 |
| trend portfolio + carry 2x on idle cash | 1.263 | 0.219 | 0.168 | -0.2634 | -0.04165 |

[10_ensemble.py done in 0s]

========================================================================================
11 — Stylized facts of BTC returns (2017→2026, hourly-derived)
========================================================================================
| horizon | n | ann_vol | excess_kurtosis | skew | hill_alpha_5pct | acf1_returns | acf1_abs_returns |
|---|---|---|---|---|---|---|---|
| 1h | 85488 | 0.7069 | 30.99 | -0.3154 | 2.454 | -0.02349 | 0.3071 |
| 4h | 21372 | 0.6819 | 14.9 | -0.3278 | 2.761 | -0.02593 | 0.2536 |
| 1d | 3562 | 0.6868 | 12.48 | -0.689 | 3.199 | -0.04811 | 0.1842 |
| 1w | 508 | 0.7105 | 3.325 | -0.362 | 3.95 | 0.003062 | 0.2447 |
| lag_days | acf_abs_return | acf_return |
|---|---|---|
| 1 | 0.1842 | -0.04811 |
| 5 | 0.1647 | 0.02708 |
| 10 | 0.1069 | 0.03659 |
| 20 | 0.09526 | 0.01241 |
| 60 | 0.07888 | -0.01465 |
| 120 | 0.02629 | -0.001642 |
| q_days | VR | z_robust |
|---|---|---|
| 2 | 0.9524 | -1.79 |
| 5 | 0.9794 | -0.3845 |
| 10 | 1.022 | 0.2801 |
| 20 | 1.107 | 0.9603 |
| 60 | 1.304 | 1.646 |
DFA Hurst: daily returns 0.578 | hourly returns 0.503 | daily |returns| (volatility) 0.776
corr(30d realised vol, next 30d realised vol) = 0.44  vs  corr(30d return, next 30d return) = 0.10

[11_stylized_facts.py done in 0s]

========================================================================================
12 — Contract granularity: continuous vs whole contracts
========================================================================================
CME Micro BTC (0.1 BTC)                      equity $  5,000: Sharpe 0.77 (cont. 0.81), tracking error 15.3%, wanted exposure but held 0 contracts on 45% of days
CME Micro BTC (0.1 BTC)                      equity $ 10,000: Sharpe 0.75 (cont. 0.81), tracking error 9.1%, wanted exposure but held 0 contracts on 17% of days
CME Micro BTC (0.1 BTC)                      equity $ 25,000: Sharpe 0.82 (cont. 0.81), tracking error 2.9%, wanted exposure but held 0 contracts on 2% of days
CME Micro BTC (0.1 BTC)                      equity $ 50,000: Sharpe 0.83 (cont. 0.81), tracking error 1.4%, wanted exposure but held 0 contracts on 0% of days
CME Micro BTC (0.1 BTC)                      equity $100,000: Sharpe 0.82 (cont. 0.81), tracking error 0.8%, wanted exposure but held 0 contracts on 0% of days
CME Bitcoin Friday (0.02 BTC, weekly expiry) equity $  5,000: Sharpe 0.82 (cont. 0.81), tracking error 2.9%, wanted exposure but held 0 contracts on 2% of days
CME Bitcoin Friday (0.02 BTC, weekly expiry) equity $ 10,000: Sharpe 0.83 (cont. 0.81), tracking error 1.4%, wanted exposure but held 0 contracts on 0% of days
CME Bitcoin Friday (0.02 BTC, weekly expiry) equity $ 25,000: Sharpe 0.84 (cont. 0.81), tracking error 0.6%, wanted exposure but held 0 contracts on 0% of days
CME Bitcoin Friday (0.02 BTC, weekly expiry) equity $ 50,000: Sharpe 0.83 (cont. 0.81), tracking error 0.3%, wanted exposure but held 0 contracts on 0% of days
CME Bitcoin Friday (0.02 BTC, weekly expiry) equity $100,000: Sharpe 0.83 (cont. 0.81), tracking error 0.2%, wanted exposure but held 0 contracts on 0% of days

[12_contract_granularity.py done in 0s]
